(Element Attrs=[(Attr Name=Name"lang"@name Value=AttrValue"'en'"@value)] Children=[Text"\n  "@chardata (Element Attrs=[(Attr Name=Name"id"@name Value=AttrValue"\"b1\""@value) (Attr Name=Name"available"@name Value=AttrValue"\"yes\""@value)] Children=[Text"\n    "@chardata (Element Attrs=[] Children=[Text"Go &amp; PEG"@chardata] Name=Name"title"@name) Text"\n    "@chardata (Element Attrs=[(Attr Name=Name"currency"@name Value=AttrValue"\"JPY\""@value)] Children=[Text"3200"@chardata] Name=Name"price"@name) Text"\n    "@chardata (Element Attrs=[] Children=[CData"<![CDATA[<raw> text]]>"@cdata] Name=Name"note"@name) Text"\n    "@chardata (Element Attrs=[] Children=[] Name=Name"empty"@name) Text"\n  "@chardata] Name=Name"book"@name) Text"\n"@chardata] Name=Name"catalog"@name)
