error: 2:1: syntax error: expected "#", "$", "'", "(", "*", "+", "-", "--", ".", "/*", "?", "[", "\"", "{", (?0-9), (?\t\n\f\r \u00a0\u2000-\u200b\u202f\u205f\u2060\u3000\ufeff), (?a-zA-Z_\u0080-\u009f¡-\u1fff\u200c-\u202e‰-⁞\u2061-⿿、-\ufefe\uff00-\U0010ffff), (?aA), (?bB), (?bBxX), (?cC), (?dD), (?eE), (?fF), (?gG), (?iI), (?lL), (?mM), (?nN), (?oO), (?pP), (?rR), (?sS), (?tT), (?uU), (?vV)
