(File Decls=[(GenDecl Specs=[(ImportSpec Name=nil Path=StringLit"\"fmt\""@stringLit)] Tok=`import`) (FuncDecl Body=(BlockStmt List=[(RangeStmt Body=(BlockStmt List=[(IfStmt Body=(BlockStmt List=[(ExprStmt X=(CallExpr Args=[StringLit"\" \""@stringLit] Ellipsis=nil Fun=(SelectorExpr Sel=Ident"Print"@ident X=Ident"fmt"@ident)))]) Cond=(BinaryExpr Op=`>` X=Ident"i"@ident Y=IntLit"0"@intLit) Else=nil Init=nil) (ExprStmt X=(CallExpr Args=[Ident"s"@ident] Ellipsis=nil Fun=(SelectorExpr Sel=Ident"Print"@ident X=Ident"fmt"@ident)))]) Key=Ident"i"@ident Tok=`:=` Value=Ident"s"@ident X=(CompositeLit Elts=[StringLit"\"hello\""@stringLit StringLit"\"world\""@stringLit] Type=(ArrayType Elt=Ident"string"@ident Len=nil))) (ExprStmt X=(CallExpr Fun=(SelectorExpr Sel=Ident"Println"@ident X=Ident"fmt"@ident)))]) Name=Ident"main"@ident Recv=nil Type=(FuncType Params=(FieldList List=[]) Results=nil TypeParams=nil))] Name=Ident"main"@ident)
