(Object Members=[(Member Key=String"name"@chars Value=String"pg"@chars) (Member Key=String"tags"@chars Value=(Array Elements=[String"peg"@chars String"pratt"@chars])) (Member Key=String"nested"@chars Value=(Object Members=[(Member Key=String"ok"@chars Value=Bool"true"@bool) (Member Key=String"n"@chars Value=Null"null"@null) (Member Key=String"v"@chars Value=Number"-1.5e3"@number)]))])
