(Index Index=IntLit"0"@int Optional=true X=(Select Field=Name"first"@name Optional=true X=(Select Field=Name"name"@name Optional=false X=(MessageLit Fields=[(Field Name=Name"name"@name Optional=false Value=StringLit"\"n\""@string) (Field Name=Name"opt"@name Optional=true Value=Ident"x"@ident) (Field Name=Name"items"@name Optional=false Value=(ListLit Elems=[IntLit"1"@int (Optional X=Ident"y"@ident)])) (Field Name=Name"attrs"@name Optional=false Value=(MapLit Entries=[(Entry Key=StringLit"\"k\""@string Optional=false Value=IntLit"1"@int) (Entry Key=StringLit"\"j\""@string Optional=true Value=IntLit"2"@int)]))] Type=Ident"pkg.Msg"@type_name))))
