(Binary Left=(Binary Left=(Call Args=[Ident"i"@ident (Binary Left=(Select Field=Name"price"@name Optional=false X=Ident"i"@ident) Op=">" Right=IntLit"10"@int_plain)] Func=Ident"exists"@name_plain Target=Ident"items"@ident) Op="&&" Right=(Call Args=[(Select Field=Name"age"@name Optional=false X=Ident"user"@ident)] Func=Ident"has"@ident Target=nil)) Op="&&" Right=(Binary Left=(Call Args=[] Func=Ident"size"@name_plain Target=(Call Args=[Ident"i"@ident (Select Field=Name"ok"@name Optional=false X=Ident"i"@ident) (Select Field=Name"name"@name Optional=false X=Ident"i"@ident)] Func=Ident"map"@name_plain Target=Ident"items"@ident)) Op=">" Right=IntLit"0"@int_plain))
