(MessageLit Fields=[(Field Name=Name"if"@name Optional=false Value=IntLit"1"@int_plain) (Field Name=Name"`a b`"@name Optional=false Value=(Select Field=Name"`c-d`"@name Optional=false X=Ident"x"@ident)) (Field Name=Name"opt"@name Optional=true Value=(Index Index=IntLit"0"@int_plain Optional=true X=(Select Field=Name"b"@name Optional=true X=Ident"a"@ident)))] Type=Ident".pkg.Msg"@type_name)
