(Conditional Cond=(Binary Left=(Call Args=[Ident"g"@ident (Binary Left=Ident"g"@ident Op="in" Right=(ListLit Elems=[StringLit"\"admin\""@string StringLit"\"ops\""@string]))] Func=Ident"exists"@name_plain Target=(Select Field=Name"groups"@name Optional=false X=(Select Field=Name"claims"@name Optional=false X=(Select Field=Name"auth"@name Optional=false X=Ident"request"@ident)))) Op="&&" Right=(Unary Op="!" X=(Paren X=(Binary Left=(Select Field=Name"name"@name Optional=false X=Ident"resource"@ident) Op="==" Right=StringLit"\"x\""@string)))) Else=StringLit"\"no\""@string Then=StringLit"\"yes\""@string)
