(Document Decl=(XMLDecl Encoding=EncName"UTF-8"@enc_name Standalone=nil Version=Version"1.0"@version_num) Doctype=nil Epilog=[] Prolog=[Comment" catalog "@comment_text] Root=(Element Attrs=[(Attribute Name=Name"lang"@name Value=AttValue"en"@att_sq)] Content=[CharData"\n  "@char_data (Element Attrs=[(Attribute Name=Name"id"@name Value=AttValue"b1"@att_dq)] Content=[CharData"\n    "@char_data (Element Attrs=[] Content=[CharData"Go "@char_data EntityRef"&amp;"@entity_ref CharData" PEG"@char_data CharRef"&#x21;"@char_ref] Name=Name"title"@name) CharData"\n    "@char_data (Element Attrs=[] Content=[CDSect"<raw> text"@cdata] Name=Name"note"@name) CharData"\n    "@char_data (PI Data=PIData"inline"@pi_data Target=Name"render"@name) CharData"\n    "@char_data (Element Attrs=[] Content=[] Name=Name"empty"@name) CharData"\n  "@char_data] Name=Name"book"@name) CharData"\n"@char_data] Name=Name"catalog"@name))
