(Module Body=[(If Body=[(Assign Targets=[Name"b"@name] Value=(ListExpr Elts=[Constant"1"@number Constant"2"@number Constant"3"@number])) (If Body=[(Assign Targets=[Name"d"@name] Value=Constant"1"@number) (Assign Targets=[Name"e"@name] Value=Constant"2"@number)] OrElse=[(Assign Targets=[Name"f"@name] Value=(IfExp Body=Name"g"@name OrElse=Name"i"@name Test=Name"h"@name))] Test=Name"c"@name) (Assign Targets=[Name"j"@name] Value=(BinOp Left=Constant"1"@number Op="+" Right=Constant"3"@number))] OrElse=[] Test=Name"a"@name) (Assign Targets=[Name"k"@name] Value=Constant"4"@number) (Try Body=[(Pass)] FinalBody=[(For Body=[(While Body=[(Break)] OrElse=[] Test=Name"z"@name)] Iter=Name"y"@name OrElse=[(Pass)] Target=Name"x"@name)] Handlers=[] OrElse=[]) (Assign Targets=[Name"l"@name] Value=Constant"5"@number)])
