(File Decls=[(Field Alias=nil Attrs=[] Constraint=nil Label=Ident"s1"@ident_label Value=String"\"plain é \\\"quoted\\\"\""@dq_plain) (Field Alias=nil Attrs=[] Constraint=nil Label=Ident"s2"@ident_label Value=String"'bytes \\xff'"@sq_plain) (Field Alias=nil Attrs=[] Constraint=nil Label=Ident"s3"@ident_label Value=(Interpolation Elts=[String"#\"raw \\#("@gsl_open Ident"x"@ident String") \"quotes\"\"#"@gsl_end])) (Field Alias=nil Attrs=[] Constraint=nil Label=Ident"s4"@ident_label Value=(Interpolation Elts=[String"\"\"\"\n    multi\n      line \\("@gml_open Ident"x"@ident String")\n    \"\"\""@gml_end])) (Field Alias=nil Attrs=[] Constraint=nil Label=Ident"n1"@ident_label Value=Int"1_000"@int_lit) (Field Alias=nil Attrs=[] Constraint=nil Label=Ident"n2"@ident_label Value=Int"0xFF"@based) (Field Alias=nil Attrs=[] Constraint=nil Label=Ident"n3"@ident_label Value=Int"1.5Ki"@int_lit) (Field Alias=nil Attrs=[] Constraint=nil Label=Ident"n4"@ident_label Value=Float".5e-3"@float_lit)])
